../Middlewares/Third_Party/STM32F3xx_FreeRTOS_ModbusRTU_RS485/src/ModbusRTU_slave.c:222:17:MB_ErrorHandler	8	static
../Middlewares/Third_Party/STM32F3xx_FreeRTOS_ModbusRTU_RS485/src/ModbusRTU_slave.c:56:10:MB_GetReg	0	static
../Middlewares/Third_Party/STM32F3xx_FreeRTOS_ModbusRTU_RS485/src/ModbusRTU_slave.c:126:17:MB_ReadRegsHandler	24	static
../Middlewares/Third_Party/STM32F3xx_FreeRTOS_ModbusRTU_RS485/src/ModbusRTU_slave.c:61:6:MB_SetReg	0	static
../Middlewares/Third_Party/STM32F3xx_FreeRTOS_ModbusRTU_RS485/src/ModbusRTU_slave.c:164:17:MB_WriteRegHandler	8	static
../Middlewares/Third_Party/STM32F3xx_FreeRTOS_ModbusRTU_RS485/src/ModbusRTU_slave.c:190:17:MB_WriteRegsHandler	24	static,ignoring_inline_asm
../Middlewares/Third_Party/STM32F3xx_FreeRTOS_ModbusRTU_RS485/src/ModbusRTU_slave.c:104:17:MB_TransactionHandler	16	static
../Middlewares/Third_Party/STM32F3xx_FreeRTOS_ModbusRTU_RS485/src/ModbusRTU_slave.c:38:6:MB_RTU_Slave_Task	8	static
../Middlewares/Third_Party/STM32F3xx_FreeRTOS_ModbusRTU_RS485/src/ModbusRTU_slave.c:67:7:MB_GetFloat	0	static
../Middlewares/Third_Party/STM32F3xx_FreeRTOS_ModbusRTU_RS485/src/ModbusRTU_slave.c:73:6:MB_SetFloat	0	static
../Middlewares/Third_Party/STM32F3xx_FreeRTOS_ModbusRTU_RS485/src/ModbusRTU_slave.c:79:12:MB_GetPtr	0	static
../Middlewares/Third_Party/STM32F3xx_FreeRTOS_ModbusRTU_RS485/src/ModbusRTU_slave.c:85:6:MB_RegSetBit	0	static
../Middlewares/Third_Party/STM32F3xx_FreeRTOS_ModbusRTU_RS485/src/ModbusRTU_slave.c:91:6:MB_RegResetBit	0	static
../Middlewares/Third_Party/STM32F3xx_FreeRTOS_ModbusRTU_RS485/src/ModbusRTU_slave.c:98:6:MB_RegXorBit	0	static
