../Middlewares/Third_Party/Wire/ds18b20.c:94:13:OneWire_UARTInit	8	static
../Middlewares/Third_Party/Wire/ds18b20.c:158:16:ROMStateMachine	16	static
../Middlewares/Third_Party/Wire/ds18b20.c:208:16:FunctionStateMachine	16	static
../Middlewares/Third_Party/Wire/ds18b20.c:121:13:StateMachine	16	static
../Middlewares/Third_Party/Wire/ds18b20.c:69:9:OneWire_complete	0	static
../Middlewares/Third_Party/Wire/ds18b20.c:75:6:OneWire_SetCallback	0	static
../Middlewares/Third_Party/Wire/ds18b20.c:82:6:OneWire_Init	8	static
../Middlewares/Third_Party/Wire/ds18b20.c:88:16:OneWire_UART_Instance	0	static
../Middlewares/Third_Party/Wire/ds18b20.c:109:6:OneWire_TxCpltCallback	0	static
../Middlewares/Third_Party/Wire/ds18b20.c:114:6:OneWire_RxCpltCallback	8	static
../Middlewares/Third_Party/Wire/ds18b20.c:259:6:OneWire_Execute	8	static
../Middlewares/Third_Party/Wire/ds18b20.c:324:6:OW_adq	8	static
