../Middlewares/Third_Party/SX1278/driver/SX1278_hw.c:16:13:SX1278_hw_SetNSS	8	static
../Middlewares/Third_Party/SX1278/driver/SX1278_hw.c:11:13:SX1278_hw_init	8	static
../Middlewares/Third_Party/SX1278/driver/SX1278_hw.c:32:13:SX1278_hw_SPICommand	16	static
../Middlewares/Third_Party/SX1278/driver/SX1278_hw.c:39:16:SX1278_hw_SPIReadByte	24	static
../Middlewares/Third_Party/SX1278/driver/SX1278_hw.c:50:13:SX1278_hw_DelayMs	8	static
../Middlewares/Third_Party/SX1278/driver/SX1278_hw.c:21:13:SX1278_hw_Reset	8	static
../Middlewares/Third_Party/SX1278/driver/SX1278_hw.c:54:12:SX1278_hw_GetDIO0	8	static
