../Core/Src/main.c:606:13:MX_GPIO_Init	96	static
../Core/Src/main.c:585:13:MX_DMA_Init	16	static
../Core/Src/main.c:852:6:StartDefaultTask	8	static
../Core/Src/main.c:128:5:_write	0	static
../Core/Src/main.c:729:6:SetUnusedChannelsHigh	16	static
../Core/Src/main.c:739:6:ResetUnusedChannels	16	static
../Core/Src/main.c:808:6:ToggleCurrentDirection	32	static
../Core/Src/main.c:834:7:calculateResistance	8	static
../Core/Src/main.c:871:6:HAL_TIM_PeriodElapsedCallback	8	static
../Core/Src/main.c:888:6:Error_Handler	0	static,ignoring_inline_asm
../Core/Src/main.c:277:13:MX_ADC1_Init	24	static
../Core/Src/main.c:324:13:MX_ADC3_Init	24	static
../Core/Src/main.c:521:13:MX_USART1_UART_Init	8	static
../Core/Src/main.c:425:13:MX_RTC_Init	16	static
../Core/Src/main.c:483:13:MX_SPI2_Init	8	static
../Core/Src/main.c:554:13:MX_USART2_UART_Init	8	static
../Core/Src/main.c:371:13:MX_CRC_Init	8	static
../Core/Src/main.c:397:13:MX_IWDG_Init	8	static
../Core/Src/main.c:226:6:SystemClock_Config	96	static
../Core/Src/main.c:750:6:ProcessChannel	336	static
../Core/Src/main.c:139:5:main	40	static
